EN testelog NULL /home/brunno/Documents/vhdl/testelog2/testelog.vhd sub00/vhpl00 1413210219
PH testando NULL /home/brunno/Documents/vhdl/testelog2/testando.vhd sub00/vhpl02 1413210217
AR testelog behavioral /home/brunno/Documents/vhdl/testelog2/testelog.vhd sub00/vhpl01 1413210220
PB testando testando /home/brunno/Documents/vhdl/testelog2/testando.vhd sub00/vhpl03 1413210218
