V3 3
FL /home/brunno/Documents/vhdl/genericAdder/genericAdder.vhd 2014/09/30.16:55:23 O.61xd
EN work/genericAdder 0 \
      FL /home/brunno/Documents/vhdl/genericAdder/genericAdder.vhd \
      PB ieee/std_logic_1164 1308643377
AR work/genericAdder/Behavioral 0 \
      FL /home/brunno/Documents/vhdl/genericAdder/genericAdder.vhd \
      EN work/genericAdder 0
