EN genericsub NULL /home/brunno/Documents/vhdl/SAD/genericSub.vhd sub00/vhpl06 1412182015
EN calcsad NULL /home/brunno/Documents/vhdl/SAD/calcSAD.vhd sub00/vhpl02 1412182019
AR genericadder behavioral /home/brunno/Documents/vhdl/SAD/genericAdder.vhd sub00/vhpl05 1412182018
AR genericsub behavioral /home/brunno/Documents/vhdl/SAD/genericSub.vhd sub00/vhpl07 1412182016
PB teste teste /home/brunno/Documents/vhdl/SAD/teste.vhd sub00/vhpl01 1412182014
PH teste NULL /home/brunno/Documents/vhdl/SAD/teste.vhd sub00/vhpl00 1412182013
AR calcsad behavioral /home/brunno/Documents/vhdl/SAD/calcSAD.vhd sub00/vhpl03 1412181581
EN genericadder NULL /home/brunno/Documents/vhdl/SAD/genericAdder.vhd sub00/vhpl04 1412182017
