EN genericsub NULL /home/brunno/Documents/vhdl/SAD/genericSub.vhd sub00/vhpl06 1412787321
EN calcsad NULL /home/brunno/Documents/vhdl/SAD/calcSAD.vhd sub00/vhpl02 1412787325
AR genericadder behavioral /home/brunno/Documents/vhdl/SAD/genericAdder.vhd sub00/vhpl05 1412787324
AR genericsub behavioral /home/brunno/Documents/vhdl/SAD/genericSub.vhd sub00/vhpl07 1412787322
PB teste teste /home/brunno/Documents/vhdl/SAD/teste.vhd sub00/vhpl01 1412787320
PH teste NULL /home/brunno/Documents/vhdl/SAD/teste.vhd sub00/vhpl00 1412787319
AR calcsad behavioral /home/brunno/Documents/vhdl/SAD/calcSAD.vhd sub00/vhpl03 1412787326
EN genericadder NULL /home/brunno/Documents/vhdl/SAD/genericAdder.vhd sub00/vhpl04 1412787323
